// Jest Snapshot v1, https://goo.gl/fbAQLP

exports[`matched snapshot 1`] = `
<div
  className="mb-5 absolute bg-white h-full z-10 "
  data-testid="post"
>
  <header
    className="pl-4 pt-4 pb-1 w-full
 backdrop-blur-lg bg-slate-400 
 bg-opacity-5 flex"
  >
    <button
      className="mr-4 mb-4"
      data-testid="returnButton"
      onClick={null}
    >
      <svg
        fill="currentColor"
        height="1em"
        stroke="currentColor"
        strokeWidth="0"
        style={
          Object {
            "color": undefined,
          }
        }
        viewBox="0 0 448 512"
        width="1em"
        xmlns="http://www.w3.org/2000/svg"
      >
        <path
          d="M257.5 445.1l-22.2 22.2c-9.4 9.4-24.6 9.4-33.9 0L7 273c-9.4-9.4-9.4-24.6 0-33.9L201.4 44.7c9.4-9.4 24.6-9.4 33.9 0l22.2 22.2c9.5 9.5 9.3 25-.4 34.3L136.6 216H424c13.3 0 24 10.7 24 24v32c0 13.3-10.7 24-24 24H136.6l120.5 114.8c9.8 9.3 10 24.8.4 34.3z"
        />
      </svg>
    </button>
  </header>
  <div
    className="flex mb-4"
  >
    <div
      className=" hover:bg-neutral-100 border-b-2 px-4 pt-4"
    >
      <div
        className="flex"
        data-testid="post"
        onClick={[Function]}
      >
        <img
          alt=""
          className="w-12 h-12 rounded-full"
          src="testImg"
        />
        <div
          className="flex-col pl-4"
        >
          <p
            className=""
          >
            <a
              href="/testAt"
              onClick={[Function]}
            >
              <strong>
                test-name
              </strong>
            </a>
            <span
              className="text-gray-500"
            >
              @
              testAt
              Â·
              testDat
            </span>
          </p>
          <p>
            testBody
          </p>
          <img
            alt=""
            className="w-80 pt-2 max-h-72 rounded-xl"
            data-testid="media"
            src="test-media"
          />
        </div>
      </div>
      <div
        className="ml-10"
      >
        <div
          className="flex"
        >
          <div
            className="comment-icon"
          >
            <svg
              data-testid="commentButton"
              fill="currentColor"
              height="1em"
              onClick={[Function]}
              stroke="currentColor"
              strokeWidth="0"
              style={
                Object {
                  "color": undefined,
                }
              }
              viewBox="0 0 512 512"
              width="1em"
              xmlns="http://www.w3.org/2000/svg"
            >
              <path
                d="M256 32C114.6 32 0 125.1 0 240c0 49.6 21.4 95 57 130.7C44.5 421.1 2.7 466 2.2 466.5c-2.2 2.3-2.8 5.7-1.5 8.7S4.8 480 8 480c66.3 0 116-31.8 140.6-51.4 32.7 12.3 69 19.4 107.4 19.4 141.4 0 256-93.1 256-208S397.4 32 256 32z"
              />
            </svg>
          </div>
          <p
            className="mt-3.5 text-xs"
          >
            1
          </p>
          <div
            className="retweet-icon"
          >
            <svg
              data-testid="retweetButton"
              fill="currentColor"
              height="1em"
              onClick={[Function]}
              stroke="currentColor"
              strokeWidth="0"
              style={
                Object {
                  "color": "none",
                }
              }
              viewBox="0 0 640 512"
              width="1em"
              xmlns="http://www.w3.org/2000/svg"
            >
              <path
                d="M629.657 343.598L528.971 444.284c-9.373 9.372-24.568 9.372-33.941 0L394.343 343.598c-9.373-9.373-9.373-24.569 0-33.941l10.823-10.823c9.562-9.562 25.133-9.34 34.419.492L480 342.118V160H292.451a24.005 24.005 0 0 1-16.971-7.029l-16-16C244.361 121.851 255.069 96 276.451 96H520c13.255 0 24 10.745 24 24v222.118l40.416-42.792c9.285-9.831 24.856-10.054 34.419-.492l10.823 10.823c9.372 9.372 9.372 24.569-.001 33.941zm-265.138 15.431A23.999 23.999 0 0 0 347.548 352H160V169.881l40.416 42.792c9.286 9.831 24.856 10.054 34.419.491l10.822-10.822c9.373-9.373 9.373-24.569 0-33.941L144.971 67.716c-9.373-9.373-24.569-9.373-33.941 0L10.343 168.402c-9.373 9.373-9.373 24.569 0 33.941l10.822 10.822c9.562 9.562 25.133 9.34 34.419-.491L96 169.881V392c0 13.255 10.745 24 24 24h243.549c21.382 0 32.09-25.851 16.971-40.971l-16.001-16z"
              />
            </svg>
          </div>
          <p
            className="mt-3.5 text-xs"
          >
            1
          </p>
          <div
            className="heart-icon"
          >
            <svg
              data-testid="likeButton"
              fill="currentColor"
              height="1em"
              onClick={[Function]}
              stroke="currentColor"
              strokeWidth="0"
              style={
                Object {
                  "color": "none",
                }
              }
              viewBox="0 0 512 512"
              width="1em"
              xmlns="http://www.w3.org/2000/svg"
            >
              <path
                d="M462.3 62.6C407.5 15.9 326 24.3 275.7 76.2L256 96.5l-19.7-20.3C186.1 24.3 104.5 15.9 49.7 62.6c-62.8 53.6-66.1 149.8-9.9 207.9l193.5 199.8c12.5 12.9 32.8 12.9 45.3 0l193.5-199.8c56.3-58.1 53-154.3-9.8-207.9z"
              />
            </svg>
          </div>
          <p
            className="mt-3.5 text-xs"
          >
            1
          </p>
        </div>
      </div>
    </div>
  </div>
</div>
`;
